bgtz $4, 0x10010038


bgezal $30, 0x10010030
blez $4, 0x10010028

bltzal $18, 0x1001001c

beq $8, $8, 0x10010020

bltz $3, 0x10010018

bne $11, $17, 0x10010010

bgez $8, 0x10010030

