bgtz $4, 0x1001001c
bgezal $30, 0x10010018
blez $4, 0x10010014
bltzal $18, 0x10010000
beq $8, $8, 0x10010010
bltz $3, 0x1001000c
bne $11, $17, 0x10010008
bgez $8, 0x10010018
